// Jest Snapshot v1, https://goo.gl/fbAQLP

exports[`QuantityIcon renders according to snapshot 1`] = `
<View
  style={
    Object {
      "backgroundColor": "#E0E0E1",
      "borderRadius": 3,
      "paddingHorizontal": 8,
      "paddingVertical": 2,
    }
  }
>
  <Text
    accessible={true}
    allowFontScaling={true}
    ellipsizeMode="tail"
    style={
      Object {
        "color": "black",
        "fontFamily": "roboto_regular",
        "fontSize": 14,
      }
    }
  >
    100 foos
  </Text>
</View>
`;
