// Jest Snapshot v1, https://goo.gl/fbAQLP

exports[`GoodQuantityListModal renders according to snapshot 1`] = `null`;

exports[`GoodQuantityListModal shallow rendering with \`modalVisible=true\` 1`] = `
ShallowWrapper {
  "length": 1,
  Symbol(enzyme.__root__): [Circular],
  Symbol(enzyme.__unrendered__): <Unknown
    i18n={
      Object {
        "language": "de",
        "t": "test",
      }
    }
    modalVisible={true}
  />,
  Symbol(enzyme.__renderer__): Object {
    "batchedUpdates": [Function],
    "getNode": [Function],
    "render": [Function],
    "simulateEvent": [Function],
    "unmount": [Function],
  },
  Symbol(enzyme.__node__): Object {
    "instance": null,
    "key": undefined,
    "nodeType": "class",
    "props": Object {
      "i18n": Object {
        "language": "de",
        "t": "test",
      },
      "modalVisible": true,
      "t": [Function],
    },
    "ref": null,
    "rendered": null,
    "type": [Function],
  },
  Symbol(enzyme.__nodes__): Array [
    Object {
      "instance": null,
      "key": undefined,
      "nodeType": "class",
      "props": Object {
        "i18n": Object {
          "language": "de",
          "t": "test",
        },
        "modalVisible": true,
        "t": [Function],
      },
      "ref": null,
      "rendered": null,
      "type": [Function],
    },
  ],
  Symbol(enzyme.__options__): Object {
    "adapter": ReactSixteenAdapter {
      "options": Object {
        "enableComponentDidUpdateOnSetState": true,
      },
    },
  },
}
`;
