// Jest Snapshot v1, https://goo.gl/fbAQLP

exports[`PickerValueSeparator renders according to snapshot 1`] = `
<View
  style={
    Object {
      "alignItems": "center",
      "alignSelf": "center",
      "justifyContent": "center",
    }
  }
>
  <Text
    accessible={true}
    allowFontScaling={true}
    ellipsizeMode="tail"
    style={
      Object {
        "color": "#1a1a1a",
        "fontFamily": "roboto_regular",
        "fontSize": 25.142857142857142,
      }
    }
  >
    ,
  </Text>
</View>
`;
