// Jest Snapshot v1, https://goo.gl/fbAQLP

exports[`AppTitle renders according to snapshot 1`] = `
<View
  style={
    Object {
      "flexDirection": "column",
      "justifyContent": "center",
    }
  }
>
  <Image
    resizeMode="contain"
    source={1}
    style={
      Object {
        "height": 150,
        "marginBottom": 8,
        "marginTop": 17,
        "width": null,
      }
    }
  />
  <View
    style={
      Object {
        "flexDirection": "row",
        "marginLeft": 10,
      }
    }
  >
    <Text
      accessible={true}
      allowFontScaling={true}
      ellipsizeMode="tail"
      style={
        Object {
          "color": "#1A1A1A",
          "fontFamily": "exo_extraLight",
          "fontSize": 50.285714285714285,
          "fontWeight": "200",
          "letterSpacing": 8,
        }
      }
    >
      Zoll-App
    </Text>
  </View>
</View>
`;
