// Jest Snapshot v1, https://goo.gl/fbAQLP

exports[`StackNavigation has all screens 1`] = `
Array [
  "AllReceipts",
  "Animals",
  "AppInfo",
  "AuthorisationRequirements",
  "Cash",
  "CustomsProcedures",
  "DutyAllowance",
  "EntryByTrain",
  "Food",
  "ForeignVat",
  "Forgery",
  "FuelAndRepairs",
  "GoodQuantityListModal",
  "HighwayVignette",
  "InformationMainCategories",
  "InformationSubCategories",
  "LegalNoticeInfo",
  "MainMenu",
  "OnBoarding",
  "OnBoardingTaxScreen",
  "Payment",
  "PersonalEffects",
  "Plants",
  "PurchasesOnlineOffline",
  "QuestionAnswer",
  "ReceiptAfterPayment",
  "RoadTax",
  "Screens",
  "SouvenirsAndSpeciesProtection",
  "TravelDocuments",
  "UnderConstruction",
  "UpdateTheApp",
  "UsefulInfoScreenTemplate",
  "VatAllowance",
]
`;
