// Jest Snapshot v1, https://goo.gl/fbAQLP

exports[`GoodQuantityGreyField GoodQuantityGreyField renders correctly 1`] = `
<View
  style={
    Object {
      "alignItems": "center",
      "backgroundColor": "#F5F5F5",
      "flex": 1,
      "flexDirection": "column",
      "justifyContent": "space-between",
      "marginBottom": 0,
      "width": "90%",
    }
  }
>
  <Text
    accessible={true}
    allowFontScaling={true}
    ellipsizeMode="tail"
    style={
      Object {
        "alignSelf": "flex-start",
        "color": "#9B9B9B",
        "fontFamily": "roboto_regular",
        "fontSize": 14,
        "paddingBottom": 68.66176470588235,
        "paddingHorizontal": 31.388235294117646,
        "paddingTop": 31.388235294117646,
      }
    }
  >
    topText
  </Text>
  <View
    style={
      Object {
        "alignItems": "center",
      }
    }
  >
    <View
      accessibilityComponentType={undefined}
      accessibilityLabel={undefined}
      accessibilityTraits={undefined}
      accessible={true}
      collapsable={undefined}
      hasTVPreferredFocus={undefined}
      hitSlop={undefined}
      isTVSelectable={true}
      nativeID={undefined}
      onLayout={undefined}
      onResponderGrant={[Function]}
      onResponderMove={[Function]}
      onResponderRelease={[Function]}
      onResponderTerminate={[Function]}
      onResponderTerminationRequest={[Function]}
      onStartShouldSetResponder={[Function]}
      style={
        Object {
          "opacity": 1,
        }
      }
      testID={undefined}
      tvParallaxProperties={undefined}
    >
      <Text
        accessible={true}
        allowFontScaling={true}
        ellipsizeMode="tail"
      />
    </View>
    <Text
      accessible={true}
      allowFontScaling={true}
      ellipsizeMode="tail"
      style={
        Object {
          "color": "#DC0018",
          "fontFamily": "roboto_medium",
          "fontSize": 22,
          "marginBottom": 58.85294117647059,
          "marginTop": 19.61764705882353,
        }
      }
    >
      PLUSICONTEXT
    </Text>
  </View>
</View>
`;

exports[`GoodQuantityGreyField simulates click events in GoodQuantityGreyField 1`] = `
ShallowWrapper {
  "length": 1,
  Symbol(enzyme.__root__): [Circular],
  Symbol(enzyme.__unrendered__): <GoodQuantityGreyFieldInner
    onPress={[Function]}
    plusIconText="plusIconText"
    t={[Function]}
    topText="topText"
  />,
  Symbol(enzyme.__renderer__): Object {
    "batchedUpdates": [Function],
    "getNode": [Function],
    "render": [Function],
    "simulateEvent": [Function],
    "unmount": [Function],
  },
  Symbol(enzyme.__node__): Object {
    "instance": null,
    "key": undefined,
    "nodeType": "class",
    "props": Object {
      "children": Array [
        <CardHeaderSubText
          style={
            Object {
              "alignSelf": "flex-start",
              "paddingBottom": 68.66176470588235,
              "paddingTop": 31.388235294117646,
            }
          }
          text="topText"
        />,
        <View
          style={
            Object {
              "alignItems": "center",
            }
          }
        >
          <RedPlusIcon
            onPress={[Function]}
          />
          <Text
            accessible={true}
            allowFontScaling={true}
            ellipsizeMode="tail"
            style={
              Object {
                "color": "#DC0018",
                "fontFamily": "roboto_medium",
                "fontSize": 22,
                "marginBottom": 58.85294117647059,
                "marginTop": 19.61764705882353,
              }
            }
          >
            PLUSICONTEXT
          </Text>
        </View>,
      ],
      "style": Object {
        "alignItems": "center",
        "backgroundColor": "#F5F5F5",
        "flex": 1,
        "flexDirection": "column",
        "justifyContent": "space-between",
        "marginBottom": 0,
        "width": "90%",
      },
    },
    "ref": null,
    "rendered": Array [
      Object {
        "instance": null,
        "key": undefined,
        "nodeType": "function",
        "props": Object {
          "style": Object {
            "alignSelf": "flex-start",
            "paddingBottom": 68.66176470588235,
            "paddingTop": 31.388235294117646,
          },
          "text": "topText",
        },
        "ref": null,
        "rendered": null,
        "type": [Function],
      },
      Object {
        "instance": null,
        "key": undefined,
        "nodeType": "class",
        "props": Object {
          "children": Array [
            <RedPlusIcon
              onPress={[Function]}
            />,
            <Text
              accessible={true}
              allowFontScaling={true}
              ellipsizeMode="tail"
              style={
                Object {
                  "color": "#DC0018",
                  "fontFamily": "roboto_medium",
                  "fontSize": 22,
                  "marginBottom": 58.85294117647059,
                  "marginTop": 19.61764705882353,
                }
              }
            >
              PLUSICONTEXT
            </Text>,
          ],
          "style": Object {
            "alignItems": "center",
          },
        },
        "ref": null,
        "rendered": Array [
          Object {
            "instance": null,
            "key": undefined,
            "nodeType": "function",
            "props": Object {
              "onPress": [Function],
            },
            "ref": null,
            "rendered": null,
            "type": [Function],
          },
          Object {
            "instance": null,
            "key": undefined,
            "nodeType": "class",
            "props": Object {
              "accessible": true,
              "allowFontScaling": true,
              "children": "PLUSICONTEXT",
              "ellipsizeMode": "tail",
              "style": Object {
                "color": "#DC0018",
                "fontFamily": "roboto_medium",
                "fontSize": 22,
                "marginBottom": 58.85294117647059,
                "marginTop": 19.61764705882353,
              },
            },
            "ref": null,
            "rendered": "PLUSICONTEXT",
            "type": [Function],
          },
        ],
        "type": [Function],
      },
    ],
    "type": [Function],
  },
  Symbol(enzyme.__nodes__): Array [
    Object {
      "instance": null,
      "key": undefined,
      "nodeType": "class",
      "props": Object {
        "children": Array [
          <CardHeaderSubText
            style={
              Object {
                "alignSelf": "flex-start",
                "paddingBottom": 68.66176470588235,
                "paddingTop": 31.388235294117646,
              }
            }
            text="topText"
          />,
          <View
            style={
              Object {
                "alignItems": "center",
              }
            }
          >
            <RedPlusIcon
              onPress={[Function]}
            />
            <Text
              accessible={true}
              allowFontScaling={true}
              ellipsizeMode="tail"
              style={
                Object {
                  "color": "#DC0018",
                  "fontFamily": "roboto_medium",
                  "fontSize": 22,
                  "marginBottom": 58.85294117647059,
                  "marginTop": 19.61764705882353,
                }
              }
            >
              PLUSICONTEXT
            </Text>
          </View>,
        ],
        "style": Object {
          "alignItems": "center",
          "backgroundColor": "#F5F5F5",
          "flex": 1,
          "flexDirection": "column",
          "justifyContent": "space-between",
          "marginBottom": 0,
          "width": "90%",
        },
      },
      "ref": null,
      "rendered": Array [
        Object {
          "instance": null,
          "key": undefined,
          "nodeType": "function",
          "props": Object {
            "style": Object {
              "alignSelf": "flex-start",
              "paddingBottom": 68.66176470588235,
              "paddingTop": 31.388235294117646,
            },
            "text": "topText",
          },
          "ref": null,
          "rendered": null,
          "type": [Function],
        },
        Object {
          "instance": null,
          "key": undefined,
          "nodeType": "class",
          "props": Object {
            "children": Array [
              <RedPlusIcon
                onPress={[Function]}
              />,
              <Text
                accessible={true}
                allowFontScaling={true}
                ellipsizeMode="tail"
                style={
                  Object {
                    "color": "#DC0018",
                    "fontFamily": "roboto_medium",
                    "fontSize": 22,
                    "marginBottom": 58.85294117647059,
                    "marginTop": 19.61764705882353,
                  }
                }
              >
                PLUSICONTEXT
              </Text>,
            ],
            "style": Object {
              "alignItems": "center",
            },
          },
          "ref": null,
          "rendered": Array [
            Object {
              "instance": null,
              "key": undefined,
              "nodeType": "function",
              "props": Object {
                "onPress": [Function],
              },
              "ref": null,
              "rendered": null,
              "type": [Function],
            },
            Object {
              "instance": null,
              "key": undefined,
              "nodeType": "class",
              "props": Object {
                "accessible": true,
                "allowFontScaling": true,
                "children": "PLUSICONTEXT",
                "ellipsizeMode": "tail",
                "style": Object {
                  "color": "#DC0018",
                  "fontFamily": "roboto_medium",
                  "fontSize": 22,
                  "marginBottom": 58.85294117647059,
                  "marginTop": 19.61764705882353,
                },
              },
              "ref": null,
              "rendered": "PLUSICONTEXT",
              "type": [Function],
            },
          ],
          "type": [Function],
        },
      ],
      "type": [Function],
    },
  ],
  Symbol(enzyme.__options__): Object {
    "adapter": ReactSixteenAdapter {
      "options": Object {
        "enableComponentDidUpdateOnSetState": true,
      },
    },
  },
}
`;
