// Jest Snapshot v1, https://goo.gl/fbAQLP

exports[`QuantityInfo QuantityInfo with \`category\` and \`totalQuantity\` renders correctly 1`] = `
<View
  style={
    Object {
      "alignItems": "flex-start",
      "alignSelf": "flex-start",
      "flexDirection": "column",
      "margin": 31.388235294117646,
    }
  }
>
  <Text
    accessible={true}
    allowFontScaling={true}
    ellipsizeMode="tail"
    style={
      Object {
        "color": "#141414",
        "fontFamily": "roboto_regular",
        "fontSize": 24,
        "lineHeight": 62.77647058823529,
      }
    }
  >
    
  </Text>
  <View
    style={
      Object {
        "marginTop": 10,
      }
    }
  >
    <View
      style={
        Object {
          "backgroundColor": "#E0E0E1",
          "borderRadius": 3,
          "paddingHorizontal": 8,
          "paddingVertical": 2,
        }
      }
    >
      <Text
        accessible={true}
        allowFontScaling={true}
        ellipsizeMode="tail"
        style={
          Object {
            "color": "black",
            "fontFamily": "roboto_regular",
            "fontSize": 14,
          }
        }
      >
        4.000 
      </Text>
    </View>
  </View>
</View>
`;
