// Jest Snapshot v1, https://goo.gl/fbAQLP

exports[`TotalOwed TotalOwed renders correctly 1`] = `
<View
  style={
    Object {
      "flexDirection": "row",
      "justifyContent": "flex-end",
      "width": 70,
    }
  }
>
  <View
    style={Object {}}
  >
    <Text
      accessible={true}
      allowFontScaling={true}
      ellipsizeMode="tail"
      style={
        Object {
          "color": "#24253D",
          "fontFamily": "roboto_medium",
          "fontSize": 22,
        }
      }
    >
      test result
    </Text>
  </View>
</View>
`;
